@KOLVRT/1 {"event":"device-observation","status":"pass","kind":"pl011","reservation":"boot-console","scope":1,"generation":1,"mmio_base":150994944,"mmio_size":4096,"irq":33,"interrupt_controller":32771}

                      #######
                    ##########
                          ###       ######
            ###           ###         ######
          #######         ###           #####
         ##########       ###          #####
        ###     ####      ###        ####
                  ####    ###      ####
                    ####  ###    ####          #
                      ### ###  ####            ###
                        #########              ####
     ##############################################
     ####               ########
     ####              ##########
       ##           ####   ##  ####
                  ####     ##    ####
                 ###       ##      ####        #
               ###         ##        ####   ####
             ####          ##          ########
             #####         ##            ####
              ######       ##
                           ########
                           #######
KOLVRT | PROD | AArch64 | EL1
[OK] console: UART ready
[OK] memory: 256 MiB RAM; 64635 free pages (4 KiB/page)
[OK] exceptions: vectors installed
[OK] protection: MMU enabled; W^X enforced; heap initialized
[OK] interrupts: GICv3 and physical timer initialized
[OK] SMP: 2 CPUs participating
@KOLVRT/1 {"event":"native-root-image","format":"elf64","generation":1}
@KOLVRT/1 {"event":"native-report-progress","words":[1129073409, 1, 1, 62500000, 4, 24, 28, 0, 10644, 1300, 550, 544, 538, 562, 538, 543, 544, 543, 538, 543, 531, 544, 537, 538, 537, 538, 544, 538, 537, 538, 537, 544, 544, 543]}
@KOLVRT/1 {"event":"native-process-terminal","slot":0,"generation":1,"owner":0,"state":2,"exit_code":0,"ipc_blocks":0,"ipc_wakes":0}
@KOLVRT/1 {"event":"native-report-progress","words":[1129073409, 1, 1, 62500000, 4, 24, 28, 0, 10644, 1300, 550, 544, 538, 562, 538, 543, 544, 543, 538, 543, 531, 544, 537, 538, 537, 538, 544, 538, 537, 538, 537, 544, 544, 543, 538, 531, 8106, 894, 164, 163, 162, 163, 156, 163, 156, 164, 150, 163, 156, 162, 163, 162, 156, 156, 162, 162, 163, 162, 156, 162, 163, 163, 162, 163]}
@KOLVRT/1 {"event":"native-task","generation":1,"state":2,"ipc_blocks":0,"terminal_blocks":0,"ipc_wakes":0,"peer_faults_at_exit":0}
@KOLVRT/1 {"event":"native-scheduler","all_blocked":0}
@KOLVRT/1 {"event":"native-user-report","words":[1129073409, 1, 1, 62500000, 4, 24, 28, 0, 10644, 1300, 550, 544, 538, 562, 538, 543, 544, 543, 538, 543, 531, 544, 537, 538, 537, 538, 544, 538, 537, 538, 537, 544, 544, 543, 538, 531, 8106, 894, 164, 163, 162, 163, 156, 163, 156, 164, 150, 163, 156, 162, 163, 162, 156, 156, 162, 162, 163, 162, 156, 162, 163, 163, 162, 163]}
@KOLVRT/1 {"event":"native-boot","status":"complete","root_exit":0,"owners_released":true,"frames_restored":true,"live_processes":0,"live_domains":0}
[OK] boot: validation complete; powering off (not a running system)
