@KOLVRT/1 {"event":"device-observation","status":"pass","kind":"pl011","reservation":"boot-console","scope":1,"generation":1,"mmio_base":150994944,"mmio_size":4096,"irq":33,"interrupt_controller":32771}

                      #######
                    ##########
                          ###       ######
            ###           ###         ######
          #######         ###           #####
         ##########       ###          #####
        ###     ####      ###        ####
                  ####    ###      ####
                    ####  ###    ####          #
                      ### ###  ####            ###
                        #########              ####
     ##############################################
     ####               ########
     ####              ##########
       ##           ####   ##  ####
                  ####     ##    ####
                 ###       ##      ####        #
               ###         ##        ####   ####
             ####          ##          ########
             #####         ##            ####
              ######       ##
                           ########
                           #######
KOLVRT | PROD | AArch64 | EL1
[OK] console: UART ready
[OK] memory: 256 MiB RAM; 64635 free pages (4 KiB/page)
[OK] exceptions: vectors installed
[OK] protection: MMU enabled; W^X enforced; heap initialized
[OK] interrupts: GICv3 and physical timer initialized
[OK] SMP: 2 CPUs participating
@KOLVRT/1 {"event":"native-root-image","format":"elf64","generation":1}
@KOLVRT/1 {"event":"native-report-progress","words":[1129073409, 1, 2, 62500000, 4, 24, 28, 0, 11100, 1700, 556, 543, 669, 563, 550, 550, 550, 544, 544, 544, 543, 538, 544, 537, 544, 537, 544]}
@KOLVRT/1 {"event":"native-process-terminal","slot":0,"generation":1,"owner":0,"state":2,"exit_code":0,"ipc_blocks":0,"ipc_wakes":0}
@KOLVRT/1 {"event":"native-report-progress","words":[1129073409, 1, 2, 62500000, 4, 24, 28, 0, 11100, 1700, 556, 543, 669, 563, 550, 550, 550, 544, 544, 544, 543, 538, 544, 537, 544, 537, 544, 544, 544, 550, 543, 544, 544, 550, 544, 543, 8600, 1275, 168, 164, 293, 176, 170, 176, 170, 162, 162, 168, 164, 162, 162, 170, 168, 163, 168, 162, 162, 169, 164, 162, 162, 168, 169, 164]}
@KOLVRT/1 {"event":"native-task","generation":1,"state":2,"ipc_blocks":0,"terminal_blocks":0,"ipc_wakes":0,"peer_faults_at_exit":0}
@KOLVRT/1 {"event":"native-scheduler","all_blocked":0}
@KOLVRT/1 {"event":"native-user-report","words":[1129073409, 1, 2, 62500000, 4, 24, 28, 0, 11100, 1700, 556, 543, 669, 563, 550, 550, 550, 544, 544, 544, 543, 538, 544, 537, 544, 537, 544, 544, 544, 550, 543, 544, 544, 550, 544, 543, 8600, 1275, 168, 164, 293, 176, 170, 176, 170, 162, 162, 168, 164, 162, 162, 170, 168, 163, 168, 162, 162, 169, 164, 162, 162, 168, 169, 164]}
@KOLVRT/1 {"event":"native-boot","status":"complete","root_exit":0,"owners_released":true,"frames_restored":true,"live_processes":0,"live_domains":0}
[OK] boot: validation complete; powering off (not a running system)
